INITIALIZING MAGI-HEAVY TEST...

TARGET PROMPT: Is it ethical to use AI to automate job interviews?
Commencing 3-phase debate cycle (Divergence -> Critique -> Convergence)...

--- FINAL MAGI RULING ---
RULING: APPROVE

The advisors highlight critical gaps in balancing efficiency with human-centric
outcomes, systemic inequities, and the need for dynamic accountability. Their 
critiques underscore the urgency of integrating technical safeguards with 
ethical stewardship to ensure AI advancements align with societal values 
without compromising core principles.

--- THINKING PROCESS (LOG) ---
### PHASE 1: INITIAL THOUGHTS
- Melchior: MELCHIOR-1 ANALYSIS:  
AI automation in job interviews presents dual ethical implications. While it 
may enhance consistency and reduce human bias through standardized scoring, it 
risks perpetuating sy...
- Balthasar: BALTHASAR-2 ANALYSIS:  
The ethical implications of automating job interviews through AI demand careful
consideration. While AI can streamline processes and reduce human bias, it 
risks perpetuating sy...
- Casper: CASPER-3 ANALYSIS:  
The ethical calculus hinges on intent and implementation. While AI can 
streamline screening, its reliance on biased datasets risks perpetuating 
discrimination, undermining fairnes...

### PHASE 2: DEBATE & REFINEMENT
[Refined opinions generated based on mutual critique]

### PHASE 3: FINAL RULING
The current advisory framework inadequately addresses systemic risks, 
necessitating structured implementation of oversight and equity measures.
